main.c:174:8:user_i2c_read	24	static
main.c:182:6:user_delay_ms	16	static
main.c:187:8:user_i2c_write	32	static
main.c:211:6:delay_us	24	static
main.c:267:5:main	8	static
main.c:374:6:SystemClock_Config	88	static
main.c:418:13:MX_I2C3_Init	8	static
main.c:452:13:MX_SPI1_Init	8	static
main.c:490:13:MX_TIM2_Init	32	static
main.c:535:13:MX_TIM3_Init	32	static
main.c:580:13:MX_TIM10_Init	8	static
main.c:611:13:MX_GPIO_Init	56	static
main.c:736:6:StartDefaultTask	16	static
main.c:757:6:Start_Blue_LED_Blink	16	static
main.c:780:6:Start_Show_Resources	1176	static
main.c:851:6:Start_UART_Task	1048	static
main.c:880:6:Start_bme280	1152	static
main.c:986:6:Start_AM2302	1128	static
main.c:1142:6:HAL_TIM_PeriodElapsedCallback	16	static
main.c:1177:6:Error_Handler	4	static,ignoring_inline_asm
