main.c:175:8:user_i2c_read	24	static
main.c:183:6:user_delay_ms	16	static
main.c:188:8:user_i2c_write	32	static
main.c:212:6:delay_us	24	static
main.c:267:5:main	8	static
main.c:372:6:SystemClock_Config	88	static
main.c:416:13:MX_I2C3_Init	8	static
main.c:450:13:MX_TIM2_Init	32	static
main.c:495:13:MX_TIM3_Init	32	static
main.c:540:13:MX_TIM10_Init	8	static
main.c:571:13:MX_GPIO_Init	56	static
main.c:704:6:StartDefaultTask	16	static
main.c:725:6:Start_Blue_LED_Blink	16	static
main.c:748:6:Start_Show_Resources	1176	static
main.c:819:6:Start_UART_Task	1048	static
main.c:848:6:Start_bme280	1152	static
main.c:954:6:Start_AM2302	1128	static
main.c:1110:6:HAL_TIM_PeriodElapsedCallback	16	static
main.c:1145:6:Error_Handler	4	static,ignoring_inline_asm
